C51 COMPILER V9.02   MAIN                                                                  05/16/2015 20:49:30 PAGE 1   


C51 COMPILER V9.02, COMPILATION OF MODULE MAIN
OBJECT MODULE PLACED IN main.OBJ
COMPILER INVOKED BY: E:\software\keil\C51\BIN\C51.EXE main.c BROWSE DEBUG OBJECTEXTEND

line level    source

   1          #include<reg51.h>
   2          #include<DS18B20.h>
   3          sbit OUT = P0^0;
   4          unsigned char addr = 0x00;                          //Skip ROM
   5          void Delay100ms();
   6          void UART_Conf(unsigned int baud);
   7          extern void UART_SendString(unsigned char *dat,unsigned char len);
   8          extern void fb_38k();
   9          int main()
  10          {
  11   1              double temperature;                             //获取到的温度存储在这个变量
  12   1              int temp;                                       //中间临时变量
  13   1              char SendString[10]={0};
  14   1              unsigned char i = 10;
  15   1              EA=1;
  16   1              ET0=1;
  17   1              UART_Conf(600);
  18   1              fb_38k();                                //串口通信配置函数
  19   1              while(1)
  20   1              {
  21   2                                             
  22   2      
  23   2                      if(! DS18B20_Start(&addr))                  //尝试初始化
  24   2                      {
  25   3                              UART_SendString("ERROR\n", 6);          //如果失败，串口发送ERROR
  26   3                              Delay100ms();                          //延时1秒
  27   3                      }
  28   2                      else
  29   2                      {
  30   3                              Delay100ms();                          //延时1秒
  31   3                              temperature = DS18B20_GetTemp(&addr);   //读取DS18B20，获取温度信息
  32   3                              temp = (int) temperature;               //处理温度数据
  33   3                              SendString[0] = temp / 10 % 10 + '0';
  34   3                              SendString[1] = temp % 10 + '0';
  35   3                              SendString[2] = '.';
  36   3                              temp = (temperature - temp) * 100;
  37   3                              SendString[3] = temp / 10 + '0';
  38   3                              SendString[4] = ' ';
  39   3                              SendString[5] = ' ';
  40   3                              SendString[6] = SendString[0];
  41   3                              SendString[7] = SendString[1];
  42   3                              SendString[8] = '.';
  43   3                              SendString[9] = SendString[3];
  44   3                              SendString[10] = ' ';
  45   3                              SendString[11] = ' ';
  46   3                              SendString[12] = SendString[0];
  47   3                              SendString[13] = SendString[1];
  48   3                              SendString[14] = '.';
  49   3                              SendString[15] = SendString[3];
  50   3                              UART_SendString(SendString, 16);         //通过串口发送温度数据
  51   3                      }
  52   2              }
  53   1      }
  54          void Delay100ms()               //@11.0592MHz
  55          {
C51 COMPILER V9.02   MAIN                                                                  05/16/2015 20:49:30 PAGE 2   

  56   1              unsigned char i, j, k;
  57   1      
  58   1              i = 5;
  59   1              j = 52;
  60   1              k = 195;
  61   1              do
  62   1              {
  63   2                      do
  64   2                      {
  65   3                              while (--k);
  66   3                      } while (--j);
  67   2              } while (--i);
  68   1      }


MODULE INFORMATION:   STATIC OVERLAYABLE
   CODE SIZE        =    245    ----
   CONSTANT SIZE    =     17    ----
   XDATA SIZE       =   ----    ----
   PDATA SIZE       =   ----    ----
   DATA SIZE        =      1      17
   IDATA SIZE       =   ----    ----
   BIT SIZE         =   ----    ----
END OF MODULE INFORMATION.


C51 COMPILATION COMPLETE.  0 WARNING(S),  0 ERROR(S)
